<?xml version="1.0" encoding="UTF-8"?>
<testsuites name="Mocha Tests" time="3.086" tests="1" failures="1">
  <testsuite name="Root Suite" timestamp="2018-04-17T07:47:54" tests="0" failures="0" time="0">
  </testsuite>
  <testsuite name="Admin Ui Testing" timestamp="2018-04-17T07:47:54" tests="1" file="C:\Users\shadab.khan\Documents\GitHub\nodetest\test\demo.js" failures="1" time="3.086">
    <testcase name="Admin Ui Testing Test Creating new building" time="3.086" classname="Test Creating new building">
      <failure><![CDATA[NoSuchElementError: no such element: Unable to locate element: {"method":"xpath","selector":"/html/body/compose[2]/div/div/form/div[1]/material-select/div/select/option[5]"}
  (Session info: chrome=65.0.3325.181)
  (Driver info: chromedriver=2.37.544315 (730aa6a5fdba159ac9f4c1e8cbc59bf1b5ce12b7),platform=Windows NT 6.1.7601 SP1 x86_64)
    at Object.checkLegacyResponse (node_modules\selenium-webdriver\lib\error.js:585:15)
    at parseHttpResponse (node_modules\selenium-webdriver\lib\http.js:533:13)
    at Executor.execute (node_modules\selenium-webdriver\lib\http.js:468:26)
    at <anonymous>
    at process._tickCallback (internal/process/next_tick.js:188:7)]]></failure>
    </testcase>
  </testsuite>
</testsuites>